2026-05-25 21:59:41 - __main__ - INFO - File logging to /Users/halllo/projects/local/feishu-mem/logs/mem_20260525_215941.log
2026-05-25 21:59:41 - __main__ - INFO - ========================================
2026-05-25 21:59:41 - __main__ - INFO -   飞书协作记忆系统 v1 (Python)
2026-05-25 21:59:41 - __main__ - INFO - ========================================
2026-05-25 21:59:41 - __main__ - INFO - Project: default
2026-05-25 21:59:41 - __main__ - INFO - Storage: data
2026-05-25 21:59:41 - __main__ - INFO - DocsDir: data/docs
2026-05-25 21:59:41 - __main__ - INFO - [GitStorage] initialized
2026-05-25 21:59:42 - __main__ - INFO - [MemoryGraph] loaded 0 decisions from Git
2026-05-25 21:59:42 - src.core.engine - INFO - Initializing MemoryEngine...
2026-05-25 21:59:42 - src.core.engine - INFO - GitStorage initialized at data
2026-05-25 21:59:42 - src.core.engine - INFO - Loaded 0 decisions, 0 topics
2026-05-25 21:59:42 - src.core.engine - INFO - MemoryEngine initialized
2026-05-25 21:59:42 - __main__ - INFO - [MemoryEngine] initialized
2026-05-25 21:59:42 - src.card.pusher - INFO - Push scheduler: conflict trigger enabled
2026-05-25 21:59:42 - src.card.pusher - INFO - Push scheduler: update trigger enabled
2026-05-25 21:59:42 - src.card.pusher - INFO - Push scheduler: hot score scan enabled (interval=600s)
2026-05-25 21:59:42 - src.card.pusher - INFO - Push scheduler: daily summary enabled (time=08:00)
2026-05-25 21:59:42 - src.card.pusher - INFO - Push scheduler: weekly summary enabled (day=6, time=21:00)
2026-05-25 21:59:42 - src.card.pusher - INFO - Push scheduler started with 3 background tasks
2026-05-25 21:59:42 - __main__ - INFO - [PushEngine] scheduler started
2026-05-25 21:59:42 - __main__ - INFO - [lark_im] Initialized: 1 chat(s) monitored: ['oc_3df8d5e3a359bf01676fb3c0ae89f1a2']
2026-05-25 21:59:42 - __main__ - INFO - [lark_im] IM detector ready (mode=websocket)
2026-05-25 21:59:42 - src.adapter.lark_im - INFO - WS listener started
2026-05-25 21:59:42 - __main__ - INFO - [lark_im] WS listener started for 1 chat(s)
2026-05-25 21:59:42 - __main__ - INFO - [lark_im] WS listener started (mode=websocket)
2026-05-25 21:59:42 - __main__ - INFO - [Detectors] Configuration:
2026-05-25 21:59:42 - __main__ - INFO -   lark_im: interval=10s, burst=5s, timeout=120s mode=websocket
2026-05-25 21:59:42 - __main__ - INFO -   lark_doc: disabled
2026-05-25 21:59:42 - __main__ - INFO - [System] All detectors started, waiting for signals...
2026-05-25 21:59:45 - Lark - INFO - connected to wss://msg-frontier.feishu.cn/ws/v2?fpid=493&aid=552564&device_id=7643828779333290978&access_key=1c3acf2a30e56542df55cae9b879845e&service_id=33554678&ticket=e68463e1-1033-488b-ba1f-e282facfe657 [conn_id=7643828779333290978]
2026-05-25 22:01:50 - __main__ - INFO - [System] Shutting down...
2026-05-25 22:01:50 - src.adapter.lark_im - INFO - WS listener stopped
2026-05-25 22:01:50 - __main__ - INFO - [lark_im] WS listener stopped
2026-05-25 22:01:50 - src.card.pusher - INFO - Push scheduler stopped
2026-05-25 22:01:50 - src.card.pusher - INFO - Push scheduler stopped
2026-05-25 22:01:50 - src.core.engine - INFO - MemoryEngine stopped (applied=0, failed=0)
2026-05-25 22:01:50 - __main__ - INFO - [System] Shutdown complete
