2026-05-25 21:29:20 - __main__ - INFO - File logging to /Users/halllo/projects/local/feishu-mem/logs/mem_20260525_212920.log
2026-05-25 21:29:20 - __main__ - INFO - ========================================
2026-05-25 21:29:20 - __main__ - INFO -   飞书协作记忆系统 v1 (Python)
2026-05-25 21:29:20 - __main__ - INFO - ========================================
2026-05-25 21:29:20 - __main__ - INFO - Project: default
2026-05-25 21:29:20 - __main__ - INFO - Storage: data
2026-05-25 21:29:20 - __main__ - INFO - DocsDir: data/docs
2026-05-25 21:29:20 - __main__ - INFO - [GitStorage] initialized
2026-05-25 21:29:20 - __main__ - INFO - [MemoryGraph] loaded 0 decisions from Git
2026-05-25 21:29:20 - src.core.engine - INFO - Initializing MemoryEngine...
2026-05-25 21:29:20 - src.core.engine - INFO - GitStorage initialized at data
2026-05-25 21:29:20 - src.core.engine - INFO - Loaded 0 decisions, 0 topics
2026-05-25 21:29:20 - src.core.engine - INFO - MemoryEngine initialized
2026-05-25 21:29:20 - __main__ - INFO - [MemoryEngine] initialized
2026-05-25 21:29:20 - src.card.pusher - INFO - Push scheduler: conflict trigger enabled
2026-05-25 21:29:20 - src.card.pusher - INFO - Push scheduler: update trigger enabled
2026-05-25 21:29:20 - src.card.pusher - INFO - Push scheduler: hot score scan enabled (interval=600s)
2026-05-25 21:29:20 - src.card.pusher - INFO - Push scheduler: daily summary enabled (time=08:00)
2026-05-25 21:29:20 - src.card.pusher - INFO - Push scheduler: weekly summary enabled (day=6, time=21:00)
2026-05-25 21:29:20 - src.card.pusher - INFO - Push scheduler started with 3 background tasks
2026-05-25 21:29:20 - __main__ - INFO - [PushEngine] scheduler started
2026-05-25 21:29:20 - __main__ - INFO - [lark_im] Initialized: 1 chat(s) monitored: ['oc_e4716768a39315999cf9a5c29ec8a137']
2026-05-25 21:29:20 - __main__ - INFO - [lark_im] IM detector ready (mode=poll)
2026-05-25 21:29:20 - __main__ - INFO - [lark_im] poll detector started (interval=10s)
2026-05-25 21:29:20 - __main__ - INFO - [Detectors] Configuration:
2026-05-25 21:29:20 - __main__ - INFO -   lark_im: interval=10s, burst=5s, timeout=120s mode=poll
2026-05-25 21:29:20 - __main__ - INFO -   lark_doc: disabled
2026-05-25 21:29:20 - __main__ - INFO - [System] All detectors started, waiting for signals...
2026-05-25 21:29:22 - src.adapter.lark_im - ERROR - get_conversation_history failed, code: 230001, msg: Your request contains an invalid request parameter, ext=The end_time is earlier than the start_time., log_id: 20260525212922FC33BD33C728ED072B4A
2026-05-25 21:29:33 - src.adapter.lark_im - ERROR - get_conversation_history failed, code: 230001, msg: Your request contains an invalid request parameter, ext=The end_time is earlier than the start_time., log_id: 202605252129323D37EC3788C67F285D5F
2026-05-25 21:29:38 - __main__ - INFO - [System] Shutting down...
2026-05-25 21:29:38 - src.card.pusher - INFO - Push scheduler stopped
2026-05-25 21:29:38 - src.card.pusher - INFO - Push scheduler stopped
2026-05-25 21:29:38 - src.core.engine - INFO - MemoryEngine stopped (applied=0, failed=0)
2026-05-25 21:29:38 - __main__ - INFO - [System] Shutdown complete
