2026-05-25 21:43:15 - __main__ - INFO - File logging to /Users/halllo/projects/local/feishu-mem/logs/mem_20260525_214315.log
2026-05-25 21:43:15 - __main__ - INFO - ========================================
2026-05-25 21:43:15 - __main__ - INFO -   飞书协作记忆系统 v1 (Python)
2026-05-25 21:43:15 - __main__ - INFO - ========================================
2026-05-25 21:43:15 - __main__ - INFO - Project: default
2026-05-25 21:43:15 - __main__ - INFO - Storage: data
2026-05-25 21:43:15 - __main__ - INFO - DocsDir: data/docs
2026-05-25 21:43:15 - __main__ - INFO - [GitStorage] initialized
2026-05-25 21:43:15 - __main__ - INFO - [MemoryGraph] loaded 0 decisions from Git
2026-05-25 21:43:15 - src.core.engine - INFO - Initializing MemoryEngine...
2026-05-25 21:43:15 - src.core.engine - INFO - GitStorage initialized at data
2026-05-25 21:43:15 - src.core.engine - INFO - Loaded 0 decisions, 0 topics
2026-05-25 21:43:15 - src.core.engine - INFO - MemoryEngine initialized
2026-05-25 21:43:15 - __main__ - INFO - [MemoryEngine] initialized
2026-05-25 21:43:15 - src.card.pusher - INFO - Push scheduler: conflict trigger enabled
2026-05-25 21:43:15 - src.card.pusher - INFO - Push scheduler: update trigger enabled
2026-05-25 21:43:15 - src.card.pusher - INFO - Push scheduler: hot score scan enabled (interval=600s)
2026-05-25 21:43:15 - src.card.pusher - INFO - Push scheduler: daily summary enabled (time=08:00)
2026-05-25 21:43:15 - src.card.pusher - INFO - Push scheduler: weekly summary enabled (day=6, time=21:00)
2026-05-25 21:43:15 - src.card.pusher - INFO - Push scheduler started with 3 background tasks
2026-05-25 21:43:15 - __main__ - INFO - [PushEngine] scheduler started
2026-05-25 21:43:15 - __main__ - INFO - [lark_im] Initialized: 1 chat(s) monitored: ['oc_e4716768a39315999cf9a5c29ec8a137']
2026-05-25 21:43:15 - __main__ - INFO - [lark_im] IM detector ready (mode=websocket)
2026-05-25 21:43:15 - src.adapter.lark_im - INFO - WS listener started
2026-05-25 21:43:15 - __main__ - INFO - [lark_im] WS listener started for 1 chat(s)
2026-05-25 21:43:15 - __main__ - INFO - [lark_im] WS listener started (mode=websocket)
2026-05-25 21:43:15 - __main__ - INFO - [Detectors] Configuration:
2026-05-25 21:43:15 - __main__ - INFO -   lark_im: interval=10s, burst=5s, timeout=120s mode=websocket
2026-05-25 21:43:15 - __main__ - INFO -   lark_doc: disabled
2026-05-25 21:43:15 - __main__ - INFO - [System] All detectors started, waiting for signals...
2026-05-25 21:43:18 - Lark - INFO - connected to wss://msg-frontier.feishu.cn/ws/v2?fpid=493&aid=552564&device_id=7643824547431123909&access_key=5f2fd6c194afc4fedfd07e93eb4c288e&service_id=33554678&ticket=99cc7743-4c7f-44a6-bf08-44e9b178cb53 [conn_id=7643824547431123909]
2026-05-25 21:45:10 - Lark - ERROR - handle message failed, message_type: event, message_id: 45b093ec-c2f7-4b03-8598-508a393eba3a, trace_id: d3dce2bc380d445702e9372576e68316, err: processor not found, type: im.chat.access_event.bot_p2p_chat_entered_v1 [conn_id=7643824547431123909]
2026-05-25 21:45:26 - Lark - ERROR - handle message failed, message_type: event, message_id: 1760b997-c532-48d0-bee0-b909c5e7018f, trace_id: d3dce2bc380d445702e9372576e68316, err: processor not found, type: im.chat.access_event.bot_p2p_chat_entered_v1 [conn_id=7643824547431123909]
2026-05-25 21:48:41 - __main__ - INFO - [System] Shutting down...
2026-05-25 21:48:41 - src.adapter.lark_im - INFO - WS listener stopped
2026-05-25 21:48:41 - __main__ - INFO - [lark_im] WS listener stopped
2026-05-25 21:48:41 - src.card.pusher - INFO - Push scheduler stopped
2026-05-25 21:48:41 - src.card.pusher - INFO - Push scheduler stopped
2026-05-25 21:48:41 - src.core.engine - INFO - MemoryEngine stopped (applied=0, failed=0)
2026-05-25 21:48:41 - __main__ - INFO - [System] Shutdown complete
