2026-05-25 21:48:58 - __main__ - INFO - File logging to /Users/halllo/projects/local/feishu-mem/logs/mem_20260525_214858.log
2026-05-25 21:48:58 - __main__ - INFO - ========================================
2026-05-25 21:48:58 - __main__ - INFO -   飞书协作记忆系统 v1 (Python)
2026-05-25 21:48:58 - __main__ - INFO - ========================================
2026-05-25 21:48:58 - __main__ - INFO - Project: default
2026-05-25 21:48:58 - __main__ - INFO - Storage: data
2026-05-25 21:48:58 - __main__ - INFO - DocsDir: data/docs
2026-05-25 21:48:58 - __main__ - INFO - [GitStorage] initialized
2026-05-25 21:48:58 - __main__ - INFO - [MemoryGraph] loaded 0 decisions from Git
2026-05-25 21:48:58 - src.core.engine - INFO - Initializing MemoryEngine...
2026-05-25 21:48:58 - src.core.engine - INFO - GitStorage initialized at data
2026-05-25 21:48:58 - src.core.engine - INFO - Loaded 0 decisions, 0 topics
2026-05-25 21:48:58 - src.core.engine - INFO - MemoryEngine initialized
2026-05-25 21:48:58 - __main__ - INFO - [MemoryEngine] initialized
2026-05-25 21:48:58 - src.card.pusher - INFO - Push scheduler: conflict trigger enabled
2026-05-25 21:48:58 - src.card.pusher - INFO - Push scheduler: update trigger enabled
2026-05-25 21:48:58 - src.card.pusher - INFO - Push scheduler: hot score scan enabled (interval=600s)
2026-05-25 21:48:58 - src.card.pusher - INFO - Push scheduler: daily summary enabled (time=08:00)
2026-05-25 21:48:58 - src.card.pusher - INFO - Push scheduler: weekly summary enabled (day=6, time=21:00)
2026-05-25 21:48:58 - src.card.pusher - INFO - Push scheduler started with 3 background tasks
2026-05-25 21:48:58 - __main__ - INFO - [PushEngine] scheduler started
2026-05-25 21:48:58 - __main__ - INFO - [lark_im] Initialized: 1 chat(s) monitored: ['oc_fde6be60ece21cb6f6c5b06ddb2a163b']
2026-05-25 21:48:58 - __main__ - INFO - [lark_im] IM detector ready (mode=websocket)
2026-05-25 21:48:58 - src.adapter.lark_im - INFO - WS listener started
2026-05-25 21:48:58 - __main__ - INFO - [lark_im] WS listener started for 1 chat(s)
2026-05-25 21:48:58 - __main__ - INFO - [lark_im] WS listener started (mode=websocket)
2026-05-25 21:48:58 - __main__ - INFO - [Detectors] Configuration:
2026-05-25 21:48:58 - __main__ - INFO -   lark_im: interval=10s, burst=5s, timeout=120s mode=websocket
2026-05-25 21:48:58 - __main__ - INFO -   lark_doc: disabled
2026-05-25 21:48:58 - __main__ - INFO - [System] All detectors started, waiting for signals...
2026-05-25 21:49:00 - Lark - INFO - connected to wss://msg-frontier.feishu.cn/ws/v2?fpid=493&aid=552564&device_id=7643826020978510797&access_key=37f5adf5dc9ecdc8fa101cfbb40b6ed8&service_id=33554678&ticket=86df4903-0f8a-4e8d-8862-0e5f673d4fe6 [conn_id=7643826020978510797]
2026-05-25 21:50:27 - Lark - ERROR - handle message failed, message_type: event, message_id: e15fc673-00ae-4660-a8b9-c82ee0f41010, trace_id: d3dce2bc380d445702e9372576e68316, err: processor not found, type: im.chat.access_event.bot_p2p_chat_entered_v1 [conn_id=7643826020978510797]
2026-05-25 21:52:53 - Lark - ERROR - handle message failed, message_type: event, message_id: 6bd92081-e54d-4416-8947-0785700e13fe, trace_id: e4607bc74db1b7e8fef1e58ef924e4d4, err: processor not found, type: im.chat.access_event.bot_p2p_chat_entered_v1 [conn_id=7643826020978510797]
2026-05-25 21:53:10 - Lark - ERROR - handle message failed, message_type: event, message_id: ae75ac52-66b5-4bf0-95fc-c71770720ec2, trace_id: e4607bc74db1b7e8fef1e58ef924e4d4, err: processor not found, type: im.chat.access_event.bot_p2p_chat_entered_v1 [conn_id=7643826020978510797]
2026-05-25 21:54:59 - __main__ - INFO - [System] Shutting down...
2026-05-25 21:54:59 - src.adapter.lark_im - INFO - WS listener stopped
2026-05-25 21:54:59 - __main__ - INFO - [lark_im] WS listener stopped
2026-05-25 21:54:59 - src.card.pusher - INFO - Push scheduler stopped
2026-05-25 21:54:59 - src.card.pusher - INFO - Push scheduler stopped
2026-05-25 21:54:59 - src.core.engine - INFO - MemoryEngine stopped (applied=0, failed=0)
2026-05-25 21:54:59 - __main__ - INFO - [System] Shutdown complete
