2026-05-25 22:12:07 - __main__ - INFO - File logging to /Users/halllo/projects/local/feishu-mem/logs/mem_20260525_221207.log
2026-05-25 22:12:07 - __main__ - INFO - ========================================
2026-05-25 22:12:07 - __main__ - INFO -   飞书协作记忆系统 v1 (Python)
2026-05-25 22:12:07 - __main__ - INFO - ========================================
2026-05-25 22:12:07 - __main__ - INFO - Project: default
2026-05-25 22:12:07 - __main__ - INFO - Storage: data
2026-05-25 22:12:07 - __main__ - INFO - DocsDir: data/docs
2026-05-25 22:12:07 - __main__ - INFO - [GitStorage] initialized
2026-05-25 22:12:07 - __main__ - INFO - [MemoryGraph] loaded 0 decisions from Git
2026-05-25 22:12:07 - src.core.engine - INFO - Initializing MemoryEngine...
2026-05-25 22:12:07 - src.core.engine - INFO - GitStorage initialized at data
2026-05-25 22:12:07 - src.core.engine - INFO - Loaded 0 decisions, 0 topics
2026-05-25 22:12:07 - src.core.engine - INFO - MemoryEngine initialized
2026-05-25 22:12:07 - __main__ - INFO - [MemoryEngine] initialized
2026-05-25 22:12:07 - src.card.pusher - INFO - Push scheduler: conflict trigger enabled
2026-05-25 22:12:07 - src.card.pusher - INFO - Push scheduler: update trigger enabled
2026-05-25 22:12:07 - src.card.pusher - INFO - Push scheduler: hot score scan enabled (interval=600s)
2026-05-25 22:12:07 - src.card.pusher - INFO - Push scheduler: daily summary enabled (time=08:00)
2026-05-25 22:12:07 - src.card.pusher - INFO - Push scheduler: weekly summary enabled (day=6, time=21:00)
2026-05-25 22:12:07 - src.card.pusher - INFO - Push scheduler started with 3 background tasks
2026-05-25 22:12:07 - __main__ - INFO - [PushEngine] scheduler started
2026-05-25 22:12:07 - __main__ - INFO - [lark_im] Initialized: 1 chat(s) monitored: ['oc_fde6be60ece21cb6f6c5b06ddb2a163b']
2026-05-25 22:12:07 - __main__ - INFO - [lark_im] IM detector ready (mode=websocket)
2026-05-25 22:12:07 - src.adapter.lark_im - INFO - WS listener started
2026-05-25 22:12:07 - __main__ - INFO - [lark_im] WS listener started for 1 chat(s)
2026-05-25 22:12:07 - __main__ - INFO - [lark_im] WS listener started (mode=websocket)
2026-05-25 22:12:07 - __main__ - INFO - [Detectors] Configuration:
2026-05-25 22:12:07 - __main__ - INFO -   lark_im: interval=10s, burst=5s, timeout=120s mode=websocket
2026-05-25 22:12:07 - __main__ - INFO -   lark_doc: disabled
2026-05-25 22:12:07 - __main__ - INFO - [System] All detectors started, waiting for signals...
2026-05-25 22:12:10 - Lark - INFO - connected to wss://msg-frontier.feishu.cn/ws/v2?fpid=493&aid=552564&device_id=7643831968535612347&access_key=e9d9f0266e8ab61a55e484b7352f10f6&service_id=33554678&ticket=76033ab0-fe91-4f98-87bf-b3d479668918 [conn_id=7643831968535612347]
2026-05-25 22:12:17 - __main__ - INFO - [lark_im] WS >>> on_message called, event type=P2ImMessageReceiveV1
2026-05-25 22:12:17 - __main__ - INFO - [lark_im] WS received: chat=oc_fde6be60e sender= len=792 content={"text":"2026-05-25 22:10:41 - __main__ - INFO - [lark_im] W
2026-05-25 22:12:17 - __main__ - INFO - [lark_im] WS >>> Decision signal score=0.80: {"text":"2026-05-25 22:10:41 - __main__ - INFO - [lark_im] WS >>> on_message cal
2026-05-25 22:12:17 - src.core.engine - INFO - [Engine] >>> _process_detection source=lark_im content={"text":"2026-05-25 22:10:41 - __main__ - INFO - [lark_im] W
